
Memory Configuration

Name             Origin             Length             Attributes
FLASH            0x0000000008000000 0x0000000000020000 xr
SRAM             0x0000000020000000 0x0000000000005000 xrw
*default*        0x0000000000000000 0xffffffffffffffff

Linker script and memory map


.text           0x0000000008000000       0xc8
 *(.vectors*)
 .vectors       0x0000000008000000       0x4c startup.o
 *(.text*)
 .text          0x000000000800004c       0x74 main.o
                0x000000000800004c                main
 .text          0x00000000080000c0        0x8 startup.o
 *(.rodata)

.glue_7         0x00000000080000c8        0x0
 .glue_7        0x00000000080000c8        0x0 linker stubs

.glue_7t        0x00000000080000c8        0x0
 .glue_7t       0x00000000080000c8        0x0 linker stubs

.vfp11_veneer   0x00000000080000c8        0x0
 .vfp11_veneer  0x00000000080000c8        0x0 linker stubs

.v4_bx          0x00000000080000c8        0x0
 .v4_bx         0x00000000080000c8        0x0 linker stubs

.iplt           0x00000000080000c8        0x0
 .iplt          0x00000000080000c8        0x0 main.o

.rel.dyn        0x00000000080000c8        0x0
 .rel.iplt      0x00000000080000c8        0x0 main.o

.data           0x00000000080000c8        0x8
 *(.data)
 .data          0x00000000080000c8        0x8 main.o
                0x00000000080000c8                GPIO_CRH_REG
                0x00000000080000cc                GPIO_ODR_REG
 .data          0x00000000080000d0        0x0 startup.o

.igot.plt       0x00000000080000d0        0x0
 .igot.plt      0x00000000080000d0        0x0 main.o

.bss            0x0000000020000000        0x0
 *(.bss*)
 .bss           0x0000000020000000        0x0 main.o
 .bss           0x0000000020000000        0x0 startup.o
LOAD main.o
LOAD startup.o
OUTPUT(STM32F103.elf elf32-littlearm)

.debug_info     0x0000000000000000      0x17d
 .debug_info    0x0000000000000000      0x157 main.o
 .debug_info    0x0000000000000157       0x26 startup.o

.debug_abbrev   0x0000000000000000       0xda
 .debug_abbrev  0x0000000000000000       0xc6 main.o
 .debug_abbrev  0x00000000000000c6       0x14 startup.o

.debug_loc      0x0000000000000000       0x38
 .debug_loc     0x0000000000000000       0x38 main.o

.debug_aranges  0x0000000000000000       0x40
 .debug_aranges
                0x0000000000000000       0x20 main.o
 .debug_aranges
                0x0000000000000020       0x20 startup.o

.debug_line     0x0000000000000000      0x15e
 .debug_line    0x0000000000000000      0x123 main.o
 .debug_line    0x0000000000000123       0x3b startup.o

.debug_str      0x0000000000000000      0x1a4
 .debug_str     0x0000000000000000      0x18c main.o
                                        0x1b3 (size before relaxing)
 .debug_str     0x000000000000018c       0x18 startup.o
                                         0x8a (size before relaxing)

.comment        0x0000000000000000       0x7b
 .comment       0x0000000000000000       0x7b main.o
                                         0x7c (size before relaxing)

.ARM.attributes
                0x0000000000000000       0x31
 .ARM.attributes
                0x0000000000000000       0x33 main.o
 .ARM.attributes
                0x0000000000000033       0x21 startup.o

.debug_frame    0x0000000000000000       0x2c
 .debug_frame   0x0000000000000000       0x2c main.o
